// Jest Snapshot v1, https://goo.gl/fbAQLP

exports[`LOST should render ResponsiveDrawer component 1`] = `
<DocumentFragment>
  <div>
    <h1>
      Requests
    </h1>
  </div>
</DocumentFragment>
`;
