// Jest Snapshot v1, https://goo.gl/fbAQLP

exports[`renders the component 1`] = `
<DocumentFragment>
  <div
    class="center"
  >
    <div
      style="text-align: center; display: inline-block;"
    >
      <h1>
        Barefoot Nomad! change while setting up anything!!
      </h1>
      <h1>
        Our Genius Counter 
      </h1>
      <input
        style="font-size: 20px;"
        title="Increase"
        type="button"
        value="+"
      />
      Â 
      <input
        style="font-size: 20px;"
        title="Decrease"
        type="button"
        value="-"
      />
      <h2>
         My Count is 0 
      </h2>
    </div>
  </div>
</DocumentFragment>
`;
