// Jest Snapshot v1, https://goo.gl/fbAQLP

exports[`RESET should render reset password component 1`] = `<DocumentFragment />`;
