// Jest Snapshot v1, https://goo.gl/fbAQLP

exports[`Profile Component should render profile aligner properly 1`] = `
<DocumentFragment>
  <div>
    <div />
  </div>
</DocumentFragment>
`;
